Building DAG of jobs...
Using shell: /usr/bin/bash
Provided cluster nodes: 40
Job counts:
	count	jobs
	1	all
	1	generate_plots
	75	merge_sites
	77

[Thu Oct 16 08:23:40 2025]
rule merge_sites:
    input: tmp/PAN067/tmp_bigWig/PAN067.uncorrected.bw, tmp/PAN067/tmp_bigWig/PAN067.GC_corrected.bw
    output: /projects/pangen/analysis/hmac/applications/Griffin/snakemakes/griffin_nucleosome_profiling/results/PAN067/PAN067.uncorrected.coverage.tsv, /projects/pangen/analysis/hmac/applications/Griffin/snakemakes/griffin_nucleosome_profiling/results/PAN067/PAN067.GC_corrected.coverage.tsv, tmp/PAN067/tmp_pybedtools2
    jobid: 35
    wildcards: samples=PAN067

Submitted job 35 with external jobid 'Submitted batch job 18419479'.

[Thu Oct 16 08:23:40 2025]
rule merge_sites:
    input: tmp/PAN103/tmp_bigWig/PAN103.uncorrected.bw, tmp/PAN103/tmp_bigWig/PAN103.GC_corrected.bw
    output: /projects/pangen/analysis/hmac/applications/Griffin/snakemakes/griffin_nucleosome_profiling/results/PAN103/PAN103.uncorrected.coverage.tsv, /projects/pangen/analysis/hmac/applications/Griffin/snakemakes/griffin_nucleosome_profiling/results/PAN103/PAN103.GC_corrected.coverage.tsv, tmp/PAN103/tmp_pybedtools2
    jobid: 3
    wildcards: samples=PAN103

Submitted job 3 with external jobid 'Submitted batch job 18419480'.

[Thu Oct 16 08:23:40 2025]
rule merge_sites:
    input: tmp/POG1049/tmp_bigWig/POG1049.uncorrected.bw, tmp/POG1049/tmp_bigWig/POG1049.GC_corrected.bw
    output: /projects/pangen/analysis/hmac/applications/Griffin/snakemakes/griffin_nucleosome_profiling/results/POG1049/POG1049.uncorrected.coverage.tsv, /projects/pangen/analysis/hmac/applications/Griffin/snakemakes/griffin_nucleosome_profiling/results/POG1049/POG1049.GC_corrected.coverage.tsv, tmp/POG1049/tmp_pybedtools2
    jobid: 22
    wildcards: samples=POG1049

Submitted job 22 with external jobid 'Submitted batch job 18419481'.

[Thu Oct 16 08:23:40 2025]
rule merge_sites:
    input: tmp/PAN115/tmp_bigWig/PAN115.uncorrected.bw, tmp/PAN115/tmp_bigWig/PAN115.GC_corrected.bw
    output: /projects/pangen/analysis/hmac/applications/Griffin/snakemakes/griffin_nucleosome_profiling/results/PAN115/PAN115.uncorrected.coverage.tsv, /projects/pangen/analysis/hmac/applications/Griffin/snakemakes/griffin_nucleosome_profiling/results/PAN115/PAN115.GC_corrected.coverage.tsv, tmp/PAN115/tmp_pybedtools2
    jobid: 58
    wildcards: samples=PAN115

Submitted job 58 with external jobid 'Submitted batch job 18419482'.

[Thu Oct 16 08:23:40 2025]
rule merge_sites:
    input: tmp/POG1072/tmp_bigWig/POG1072.uncorrected.bw, tmp/POG1072/tmp_bigWig/POG1072.GC_corrected.bw
    output: /projects/pangen/analysis/hmac/applications/Griffin/snakemakes/griffin_nucleosome_profiling/results/POG1072/POG1072.uncorrected.coverage.tsv, /projects/pangen/analysis/hmac/applications/Griffin/snakemakes/griffin_nucleosome_profiling/results/POG1072/POG1072.GC_corrected.coverage.tsv, tmp/POG1072/tmp_pybedtools2
    jobid: 64
    wildcards: samples=POG1072

Submitted job 64 with external jobid 'Submitted batch job 18419483'.

[Thu Oct 16 08:23:41 2025]
rule merge_sites:
    input: tmp/PAN106/tmp_bigWig/PAN106.uncorrected.bw, tmp/PAN106/tmp_bigWig/PAN106.GC_corrected.bw
    output: /projects/pangen/analysis/hmac/applications/Griffin/snakemakes/griffin_nucleosome_profiling/results/PAN106/PAN106.uncorrected.coverage.tsv, /projects/pangen/analysis/hmac/applications/Griffin/snakemakes/griffin_nucleosome_profiling/results/PAN106/PAN106.GC_corrected.coverage.tsv, tmp/PAN106/tmp_pybedtools2
    jobid: 34
    wildcards: samples=PAN106

Submitted job 34 with external jobid 'Submitted batch job 18419484'.

[Thu Oct 16 08:23:41 2025]
rule merge_sites:
    input: tmp/POG2015/tmp_bigWig/POG2015.uncorrected.bw, tmp/POG2015/tmp_bigWig/POG2015.GC_corrected.bw
    output: /projects/pangen/analysis/hmac/applications/Griffin/snakemakes/griffin_nucleosome_profiling/results/POG2015/POG2015.uncorrected.coverage.tsv, /projects/pangen/analysis/hmac/applications/Griffin/snakemakes/griffin_nucleosome_profiling/results/POG2015/POG2015.GC_corrected.coverage.tsv, tmp/POG2015/tmp_pybedtools2
    jobid: 54
    wildcards: samples=POG2015

Submitted job 54 with external jobid 'Submitted batch job 18419485'.

[Thu Oct 16 08:23:41 2025]
rule merge_sites:
    input: tmp/POG757/tmp_bigWig/POG757.uncorrected.bw, tmp/POG757/tmp_bigWig/POG757.GC_corrected.bw
    output: /projects/pangen/analysis/hmac/applications/Griffin/snakemakes/griffin_nucleosome_profiling/results/POG757/POG757.uncorrected.coverage.tsv, /projects/pangen/analysis/hmac/applications/Griffin/snakemakes/griffin_nucleosome_profiling/results/POG757/POG757.GC_corrected.coverage.tsv, tmp/POG757/tmp_pybedtools2
    jobid: 65
    wildcards: samples=POG757

Submitted job 65 with external jobid 'Submitted batch job 18419486'.

[Thu Oct 16 08:23:41 2025]
rule merge_sites:
    input: tmp/POG1757/tmp_bigWig/POG1757.uncorrected.bw, tmp/POG1757/tmp_bigWig/POG1757.GC_corrected.bw
    output: /projects/pangen/analysis/hmac/applications/Griffin/snakemakes/griffin_nucleosome_profiling/results/POG1757/POG1757.uncorrected.coverage.tsv, /projects/pangen/analysis/hmac/applications/Griffin/snakemakes/griffin_nucleosome_profiling/results/POG1757/POG1757.GC_corrected.coverage.tsv, tmp/POG1757/tmp_pybedtools2
    jobid: 25
    wildcards: samples=POG1757

Submitted job 25 with external jobid 'Submitted batch job 18419487'.

[Thu Oct 16 08:23:41 2025]
rule merge_sites:
    input: tmp/POG1018/tmp_bigWig/POG1018.uncorrected.bw, tmp/POG1018/tmp_bigWig/POG1018.GC_corrected.bw
    output: /projects/pangen/analysis/hmac/applications/Griffin/snakemakes/griffin_nucleosome_profiling/results/POG1018/POG1018.uncorrected.coverage.tsv, /projects/pangen/analysis/hmac/applications/Griffin/snakemakes/griffin_nucleosome_profiling/results/POG1018/POG1018.GC_corrected.coverage.tsv, tmp/POG1018/tmp_pybedtools2
    jobid: 45
    wildcards: samples=POG1018

Submitted job 45 with external jobid 'Submitted batch job 18419488'.

[Thu Oct 16 08:23:41 2025]
rule merge_sites:
    input: tmp/POG1006/tmp_bigWig/POG1006.uncorrected.bw, tmp/POG1006/tmp_bigWig/POG1006.GC_corrected.bw
    output: /projects/pangen/analysis/hmac/applications/Griffin/snakemakes/griffin_nucleosome_profiling/results/POG1006/POG1006.uncorrected.coverage.tsv, /projects/pangen/analysis/hmac/applications/Griffin/snakemakes/griffin_nucleosome_profiling/results/POG1006/POG1006.GC_corrected.coverage.tsv, tmp/POG1006/tmp_pybedtools2
    jobid: 27
    wildcards: samples=POG1006

Submitted job 27 with external jobid 'Submitted batch job 18419489'.

[Thu Oct 16 08:23:41 2025]
rule merge_sites:
    input: tmp/PAN097/tmp_bigWig/PAN097.uncorrected.bw, tmp/PAN097/tmp_bigWig/PAN097.GC_corrected.bw
    output: /projects/pangen/analysis/hmac/applications/Griffin/snakemakes/griffin_nucleosome_profiling/results/PAN097/PAN097.uncorrected.coverage.tsv, /projects/pangen/analysis/hmac/applications/Griffin/snakemakes/griffin_nucleosome_profiling/results/PAN097/PAN097.GC_corrected.coverage.tsv, tmp/PAN097/tmp_pybedtools2
    jobid: 70
    wildcards: samples=PAN097

Submitted job 70 with external jobid 'Submitted batch job 18419490'.

[Thu Oct 16 08:23:41 2025]
rule merge_sites:
    input: tmp/PAN069/tmp_bigWig/PAN069.uncorrected.bw, tmp/PAN069/tmp_bigWig/PAN069.GC_corrected.bw
    output: /projects/pangen/analysis/hmac/applications/Griffin/snakemakes/griffin_nucleosome_profiling/results/PAN069/PAN069.uncorrected.coverage.tsv, /projects/pangen/analysis/hmac/applications/Griffin/snakemakes/griffin_nucleosome_profiling/results/PAN069/PAN069.GC_corrected.coverage.tsv, tmp/PAN069/tmp_pybedtools2
    jobid: 48
    wildcards: samples=PAN069

Submitted job 48 with external jobid 'Submitted batch job 18419491'.

[Thu Oct 16 08:23:41 2025]
rule merge_sites:
    input: tmp/POG966/tmp_bigWig/POG966.uncorrected.bw, tmp/POG966/tmp_bigWig/POG966.GC_corrected.bw
    output: /projects/pangen/analysis/hmac/applications/Griffin/snakemakes/griffin_nucleosome_profiling/results/POG966/POG966.uncorrected.coverage.tsv, /projects/pangen/analysis/hmac/applications/Griffin/snakemakes/griffin_nucleosome_profiling/results/POG966/POG966.GC_corrected.coverage.tsv, tmp/POG966/tmp_pybedtools2
    jobid: 17
    wildcards: samples=POG966

Submitted job 17 with external jobid 'Submitted batch job 18419492'.

[Thu Oct 16 08:23:41 2025]
rule merge_sites:
    input: tmp/POG1093/tmp_bigWig/POG1093.uncorrected.bw, tmp/POG1093/tmp_bigWig/POG1093.GC_corrected.bw
    output: /projects/pangen/analysis/hmac/applications/Griffin/snakemakes/griffin_nucleosome_profiling/results/POG1093/POG1093.uncorrected.coverage.tsv, /projects/pangen/analysis/hmac/applications/Griffin/snakemakes/griffin_nucleosome_profiling/results/POG1093/POG1093.GC_corrected.coverage.tsv, tmp/POG1093/tmp_pybedtools2
    jobid: 16
    wildcards: samples=POG1093

Submitted job 16 with external jobid 'Submitted batch job 18419493'.

[Thu Oct 16 08:23:41 2025]
rule merge_sites:
    input: tmp/PAN074/tmp_bigWig/PAN074.uncorrected.bw, tmp/PAN074/tmp_bigWig/PAN074.GC_corrected.bw
    output: /projects/pangen/analysis/hmac/applications/Griffin/snakemakes/griffin_nucleosome_profiling/results/PAN074/PAN074.uncorrected.coverage.tsv, /projects/pangen/analysis/hmac/applications/Griffin/snakemakes/griffin_nucleosome_profiling/results/PAN074/PAN074.GC_corrected.coverage.tsv, tmp/PAN074/tmp_pybedtools2
    jobid: 43
    wildcards: samples=PAN074

Submitted job 43 with external jobid 'Submitted batch job 18419494'.

[Thu Oct 16 08:23:41 2025]
rule merge_sites:
    input: tmp/PAN051/tmp_bigWig/PAN051.uncorrected.bw, tmp/PAN051/tmp_bigWig/PAN051.GC_corrected.bw
    output: /projects/pangen/analysis/hmac/applications/Griffin/snakemakes/griffin_nucleosome_profiling/results/PAN051/PAN051.uncorrected.coverage.tsv, /projects/pangen/analysis/hmac/applications/Griffin/snakemakes/griffin_nucleosome_profiling/results/PAN051/PAN051.GC_corrected.coverage.tsv, tmp/PAN051/tmp_pybedtools2
    jobid: 62
    wildcards: samples=PAN051

Submitted job 62 with external jobid 'Submitted batch job 18419495'.

[Thu Oct 16 08:23:41 2025]
rule merge_sites:
    input: tmp/POG969/tmp_bigWig/POG969.uncorrected.bw, tmp/POG969/tmp_bigWig/POG969.GC_corrected.bw
    output: /projects/pangen/analysis/hmac/applications/Griffin/snakemakes/griffin_nucleosome_profiling/results/POG969/POG969.uncorrected.coverage.tsv, /projects/pangen/analysis/hmac/applications/Griffin/snakemakes/griffin_nucleosome_profiling/results/POG969/POG969.GC_corrected.coverage.tsv, tmp/POG969/tmp_pybedtools2
    jobid: 41
    wildcards: samples=POG969

Submitted job 41 with external jobid 'Submitted batch job 18419496'.

[Thu Oct 16 08:23:41 2025]
rule merge_sites:
    input: tmp/POG1129/tmp_bigWig/POG1129.uncorrected.bw, tmp/POG1129/tmp_bigWig/POG1129.GC_corrected.bw
    output: /projects/pangen/analysis/hmac/applications/Griffin/snakemakes/griffin_nucleosome_profiling/results/POG1129/POG1129.uncorrected.coverage.tsv, /projects/pangen/analysis/hmac/applications/Griffin/snakemakes/griffin_nucleosome_profiling/results/POG1129/POG1129.GC_corrected.coverage.tsv, tmp/POG1129/tmp_pybedtools2
    jobid: 66
    wildcards: samples=POG1129

Submitted job 66 with external jobid 'Submitted batch job 18419497'.

[Thu Oct 16 08:23:41 2025]
rule merge_sites:
    input: tmp/POG1291/tmp_bigWig/POG1291.uncorrected.bw, tmp/POG1291/tmp_bigWig/POG1291.GC_corrected.bw
    output: /projects/pangen/analysis/hmac/applications/Griffin/snakemakes/griffin_nucleosome_profiling/results/POG1291/POG1291.uncorrected.coverage.tsv, /projects/pangen/analysis/hmac/applications/Griffin/snakemakes/griffin_nucleosome_profiling/results/POG1291/POG1291.GC_corrected.coverage.tsv, tmp/POG1291/tmp_pybedtools2
    jobid: 73
    wildcards: samples=POG1291

Submitted job 73 with external jobid 'Submitted batch job 18419498'.

[Thu Oct 16 08:23:41 2025]
rule merge_sites:
    input: tmp/POG1713/tmp_bigWig/POG1713.uncorrected.bw, tmp/POG1713/tmp_bigWig/POG1713.GC_corrected.bw
    output: /projects/pangen/analysis/hmac/applications/Griffin/snakemakes/griffin_nucleosome_profiling/results/POG1713/POG1713.uncorrected.coverage.tsv, /projects/pangen/analysis/hmac/applications/Griffin/snakemakes/griffin_nucleosome_profiling/results/POG1713/POG1713.GC_corrected.coverage.tsv, tmp/POG1713/tmp_pybedtools2
    jobid: 74
    wildcards: samples=POG1713

Submitted job 74 with external jobid 'Submitted batch job 18419499'.

[Thu Oct 16 08:23:41 2025]
rule merge_sites:
    input: tmp/POG1132/tmp_bigWig/POG1132.uncorrected.bw, tmp/POG1132/tmp_bigWig/POG1132.GC_corrected.bw
    output: /projects/pangen/analysis/hmac/applications/Griffin/snakemakes/griffin_nucleosome_profiling/results/POG1132/POG1132.uncorrected.coverage.tsv, /projects/pangen/analysis/hmac/applications/Griffin/snakemakes/griffin_nucleosome_profiling/results/POG1132/POG1132.GC_corrected.coverage.tsv, tmp/POG1132/tmp_pybedtools2
    jobid: 40
    wildcards: samples=POG1132

Submitted job 40 with external jobid 'Submitted batch job 18419500'.

[Thu Oct 16 08:23:42 2025]
rule merge_sites:
    input: tmp/PAN047/tmp_bigWig/PAN047.uncorrected.bw, tmp/PAN047/tmp_bigWig/PAN047.GC_corrected.bw
    output: /projects/pangen/analysis/hmac/applications/Griffin/snakemakes/griffin_nucleosome_profiling/results/PAN047/PAN047.uncorrected.coverage.tsv, /projects/pangen/analysis/hmac/applications/Griffin/snakemakes/griffin_nucleosome_profiling/results/PAN047/PAN047.GC_corrected.coverage.tsv, tmp/PAN047/tmp_pybedtools2
    jobid: 32
    wildcards: samples=PAN047

Submitted job 32 with external jobid 'Submitted batch job 18419501'.

[Thu Oct 16 08:23:42 2025]
rule merge_sites:
    input: tmp/POG1108/tmp_bigWig/POG1108.uncorrected.bw, tmp/POG1108/tmp_bigWig/POG1108.GC_corrected.bw
    output: /projects/pangen/analysis/hmac/applications/Griffin/snakemakes/griffin_nucleosome_profiling/results/POG1108/POG1108.uncorrected.coverage.tsv, /projects/pangen/analysis/hmac/applications/Griffin/snakemakes/griffin_nucleosome_profiling/results/POG1108/POG1108.GC_corrected.coverage.tsv, tmp/POG1108/tmp_pybedtools2
    jobid: 56
    wildcards: samples=POG1108

Submitted job 56 with external jobid 'Submitted batch job 18419502'.

[Thu Oct 16 08:23:42 2025]
rule merge_sites:
    input: tmp/POG1145/tmp_bigWig/POG1145.uncorrected.bw, tmp/POG1145/tmp_bigWig/POG1145.GC_corrected.bw
    output: /projects/pangen/analysis/hmac/applications/Griffin/snakemakes/griffin_nucleosome_profiling/results/POG1145/POG1145.uncorrected.coverage.tsv, /projects/pangen/analysis/hmac/applications/Griffin/snakemakes/griffin_nucleosome_profiling/results/POG1145/POG1145.GC_corrected.coverage.tsv, tmp/POG1145/tmp_pybedtools2
    jobid: 1
    wildcards: samples=POG1145

Submitted job 1 with external jobid 'Submitted batch job 18419503'.

[Thu Oct 16 08:23:42 2025]
rule merge_sites:
    input: tmp/POG998/tmp_bigWig/POG998.uncorrected.bw, tmp/POG998/tmp_bigWig/POG998.GC_corrected.bw
    output: /projects/pangen/analysis/hmac/applications/Griffin/snakemakes/griffin_nucleosome_profiling/results/POG998/POG998.uncorrected.coverage.tsv, /projects/pangen/analysis/hmac/applications/Griffin/snakemakes/griffin_nucleosome_profiling/results/POG998/POG998.GC_corrected.coverage.tsv, tmp/POG998/tmp_pybedtools2
    jobid: 69
    wildcards: samples=POG998

Submitted job 69 with external jobid 'Submitted batch job 18419504'.

[Thu Oct 16 08:23:42 2025]
rule merge_sites:
    input: tmp/POG1136/tmp_bigWig/POG1136.uncorrected.bw, tmp/POG1136/tmp_bigWig/POG1136.GC_corrected.bw
    output: /projects/pangen/analysis/hmac/applications/Griffin/snakemakes/griffin_nucleosome_profiling/results/POG1136/POG1136.uncorrected.coverage.tsv, /projects/pangen/analysis/hmac/applications/Griffin/snakemakes/griffin_nucleosome_profiling/results/POG1136/POG1136.GC_corrected.coverage.tsv, tmp/POG1136/tmp_pybedtools2
    jobid: 47
    wildcards: samples=POG1136

Submitted job 47 with external jobid 'Submitted batch job 18419505'.

[Thu Oct 16 08:23:42 2025]
rule merge_sites:
    input: tmp/PAN061/tmp_bigWig/PAN061.uncorrected.bw, tmp/PAN061/tmp_bigWig/PAN061.GC_corrected.bw
    output: /projects/pangen/analysis/hmac/applications/Griffin/snakemakes/griffin_nucleosome_profiling/results/PAN061/PAN061.uncorrected.coverage.tsv, /projects/pangen/analysis/hmac/applications/Griffin/snakemakes/griffin_nucleosome_profiling/results/PAN061/PAN061.GC_corrected.coverage.tsv, tmp/PAN061/tmp_pybedtools2
    jobid: 5
    wildcards: samples=PAN061

Submitted job 5 with external jobid 'Submitted batch job 18419506'.

[Thu Oct 16 08:23:42 2025]
rule merge_sites:
    input: tmp/POG1008/tmp_bigWig/POG1008.uncorrected.bw, tmp/POG1008/tmp_bigWig/POG1008.GC_corrected.bw
    output: /projects/pangen/analysis/hmac/applications/Griffin/snakemakes/griffin_nucleosome_profiling/results/POG1008/POG1008.uncorrected.coverage.tsv, /projects/pangen/analysis/hmac/applications/Griffin/snakemakes/griffin_nucleosome_profiling/results/POG1008/POG1008.GC_corrected.coverage.tsv, tmp/POG1008/tmp_pybedtools2
    jobid: 38
    wildcards: samples=POG1008

Submitted job 38 with external jobid 'Submitted batch job 18419507'.

[Thu Oct 16 08:23:42 2025]
rule merge_sites:
    input: tmp/POG1801/tmp_bigWig/POG1801.uncorrected.bw, tmp/POG1801/tmp_bigWig/POG1801.GC_corrected.bw
    output: /projects/pangen/analysis/hmac/applications/Griffin/snakemakes/griffin_nucleosome_profiling/results/POG1801/POG1801.uncorrected.coverage.tsv, /projects/pangen/analysis/hmac/applications/Griffin/snakemakes/griffin_nucleosome_profiling/results/POG1801/POG1801.GC_corrected.coverage.tsv, tmp/POG1801/tmp_pybedtools2
    jobid: 57
    wildcards: samples=POG1801

Submitted job 57 with external jobid 'Submitted batch job 18419508'.

[Thu Oct 16 08:23:42 2025]
rule merge_sites:
    input: tmp/POG710/tmp_bigWig/POG710.uncorrected.bw, tmp/POG710/tmp_bigWig/POG710.GC_corrected.bw
    output: /projects/pangen/analysis/hmac/applications/Griffin/snakemakes/griffin_nucleosome_profiling/results/POG710/POG710.uncorrected.coverage.tsv, /projects/pangen/analysis/hmac/applications/Griffin/snakemakes/griffin_nucleosome_profiling/results/POG710/POG710.GC_corrected.coverage.tsv, tmp/POG710/tmp_pybedtools2
    jobid: 42
    wildcards: samples=POG710

Submitted job 42 with external jobid 'Submitted batch job 18419509'.

[Thu Oct 16 08:23:42 2025]
rule merge_sites:
    input: tmp/POG920/tmp_bigWig/POG920.uncorrected.bw, tmp/POG920/tmp_bigWig/POG920.GC_corrected.bw
    output: /projects/pangen/analysis/hmac/applications/Griffin/snakemakes/griffin_nucleosome_profiling/results/POG920/POG920.uncorrected.coverage.tsv, /projects/pangen/analysis/hmac/applications/Griffin/snakemakes/griffin_nucleosome_profiling/results/POG920/POG920.GC_corrected.coverage.tsv, tmp/POG920/tmp_pybedtools2
    jobid: 46
    wildcards: samples=POG920

Submitted job 46 with external jobid 'Submitted batch job 18419510'.

[Thu Oct 16 08:23:42 2025]
rule merge_sites:
    input: tmp/POG1272/tmp_bigWig/POG1272.uncorrected.bw, tmp/POG1272/tmp_bigWig/POG1272.GC_corrected.bw
    output: /projects/pangen/analysis/hmac/applications/Griffin/snakemakes/griffin_nucleosome_profiling/results/POG1272/POG1272.uncorrected.coverage.tsv, /projects/pangen/analysis/hmac/applications/Griffin/snakemakes/griffin_nucleosome_profiling/results/POG1272/POG1272.GC_corrected.coverage.tsv, tmp/POG1272/tmp_pybedtools2
    jobid: 44
    wildcards: samples=POG1272

Submitted job 44 with external jobid 'Submitted batch job 18419511'.

[Thu Oct 16 08:23:42 2025]
rule merge_sites:
    input: tmp/POG2048/tmp_bigWig/POG2048.uncorrected.bw, tmp/POG2048/tmp_bigWig/POG2048.GC_corrected.bw
    output: /projects/pangen/analysis/hmac/applications/Griffin/snakemakes/griffin_nucleosome_profiling/results/POG2048/POG2048.uncorrected.coverage.tsv, /projects/pangen/analysis/hmac/applications/Griffin/snakemakes/griffin_nucleosome_profiling/results/POG2048/POG2048.GC_corrected.coverage.tsv, tmp/POG2048/tmp_pybedtools2
    jobid: 55
    wildcards: samples=POG2048

Submitted job 55 with external jobid 'Submitted batch job 18419512'.

[Thu Oct 16 08:23:42 2025]
rule merge_sites:
    input: tmp/POG1126/tmp_bigWig/POG1126.uncorrected.bw, tmp/POG1126/tmp_bigWig/POG1126.GC_corrected.bw
    output: /projects/pangen/analysis/hmac/applications/Griffin/snakemakes/griffin_nucleosome_profiling/results/POG1126/POG1126.uncorrected.coverage.tsv, /projects/pangen/analysis/hmac/applications/Griffin/snakemakes/griffin_nucleosome_profiling/results/POG1126/POG1126.GC_corrected.coverage.tsv, tmp/POG1126/tmp_pybedtools2
    jobid: 14
    wildcards: samples=POG1126

Submitted job 14 with external jobid 'Submitted batch job 18419513'.

[Thu Oct 16 08:23:42 2025]
rule merge_sites:
    input: tmp/POG1725/tmp_bigWig/POG1725.uncorrected.bw, tmp/POG1725/tmp_bigWig/POG1725.GC_corrected.bw
    output: /projects/pangen/analysis/hmac/applications/Griffin/snakemakes/griffin_nucleosome_profiling/results/POG1725/POG1725.uncorrected.coverage.tsv, /projects/pangen/analysis/hmac/applications/Griffin/snakemakes/griffin_nucleosome_profiling/results/POG1725/POG1725.GC_corrected.coverage.tsv, tmp/POG1725/tmp_pybedtools2
    jobid: 29
    wildcards: samples=POG1725

Submitted job 29 with external jobid 'Submitted batch job 18419514'.

[Thu Oct 16 08:23:42 2025]
rule merge_sites:
    input: tmp/POG1651/tmp_bigWig/POG1651.uncorrected.bw, tmp/POG1651/tmp_bigWig/POG1651.GC_corrected.bw
    output: /projects/pangen/analysis/hmac/applications/Griffin/snakemakes/griffin_nucleosome_profiling/results/POG1651/POG1651.uncorrected.coverage.tsv, /projects/pangen/analysis/hmac/applications/Griffin/snakemakes/griffin_nucleosome_profiling/results/POG1651/POG1651.GC_corrected.coverage.tsv, tmp/POG1651/tmp_pybedtools2
    jobid: 10
    wildcards: samples=POG1651

Submitted job 10 with external jobid 'Submitted batch job 18419515'.

[Thu Oct 16 08:23:42 2025]
rule merge_sites:
    input: tmp/POG1199/tmp_bigWig/POG1199.uncorrected.bw, tmp/POG1199/tmp_bigWig/POG1199.GC_corrected.bw
    output: /projects/pangen/analysis/hmac/applications/Griffin/snakemakes/griffin_nucleosome_profiling/results/POG1199/POG1199.uncorrected.coverage.tsv, /projects/pangen/analysis/hmac/applications/Griffin/snakemakes/griffin_nucleosome_profiling/results/POG1199/POG1199.GC_corrected.coverage.tsv, tmp/POG1199/tmp_pybedtools2
    jobid: 28
    wildcards: samples=POG1199

Submitted job 28 with external jobid 'Submitted batch job 18419516'.

[Thu Oct 16 08:23:42 2025]
rule merge_sites:
    input: tmp/PAN054/tmp_bigWig/PAN054.uncorrected.bw, tmp/PAN054/tmp_bigWig/PAN054.GC_corrected.bw
    output: /projects/pangen/analysis/hmac/applications/Griffin/snakemakes/griffin_nucleosome_profiling/results/PAN054/PAN054.uncorrected.coverage.tsv, /projects/pangen/analysis/hmac/applications/Griffin/snakemakes/griffin_nucleosome_profiling/results/PAN054/PAN054.GC_corrected.coverage.tsv, tmp/PAN054/tmp_pybedtools2
    jobid: 20
    wildcards: samples=PAN054

Submitted job 20 with external jobid 'Submitted batch job 18419517'.

[Thu Oct 16 08:23:42 2025]
rule merge_sites:
    input: tmp/POG1131/tmp_bigWig/POG1131.uncorrected.bw, tmp/POG1131/tmp_bigWig/POG1131.GC_corrected.bw
    output: /projects/pangen/analysis/hmac/applications/Griffin/snakemakes/griffin_nucleosome_profiling/results/POG1131/POG1131.uncorrected.coverage.tsv, /projects/pangen/analysis/hmac/applications/Griffin/snakemakes/griffin_nucleosome_profiling/results/POG1131/POG1131.GC_corrected.coverage.tsv, tmp/POG1131/tmp_pybedtools2
    jobid: 63
    wildcards: samples=POG1131

Submitted job 63 with external jobid 'Submitted batch job 18419518'.
